--------------------------------------------------------------------------------
Release 14.7 Trace  (nt64)
Copyright (c) 1995-2013 Xilinx, Inc.  All rights reserved.

D:\ISE\14.7\ISE_DS\ISE\bin\nt64\unwrapped\trce.exe -intstyle ise -v 3 -s 4 -n 3
-fastpaths -xml Adder.twx Adder.ncd -o Adder.twr Adder.pcf

Design file:              Adder.ncd
Physical constraint file: Adder.pcf
Device,package,speed:     xa3s50,vqg100,-4 (PRODUCTION 1.39 2013-10-13)
Report level:             verbose report

Environment Variable      Effect 
--------------------      ------ 
NONE                      No environment variables were set
--------------------------------------------------------------------------------

INFO:Timing:2698 - No timing constraints found, doing default enumeration.
INFO:Timing:3412 - To improve timing, see the Timing Closure User Guide (UG612).
INFO:Timing:2752 - To get complete path coverage, use the unconstrained paths 
   option. All paths that are not constrained will be reported in the 
   unconstrained paths section(s) of the report.
INFO:Timing:3339 - The clock-to-out numbers in this timing report are based on 
   a 50 Ohm transmission line loading model.  For the details of this model, 
   and for more information on accounting for different loading conditions, 
   please see the device datasheet.
INFO:Timing:3390 - This architecture does not support a default System Jitter 
   value, please add SYSTEM_JITTER constraint to the UCF to modify the Clock 
   Uncertainty calculation.
INFO:Timing:3389 - This architecture does not support 'Discrete Jitter' and 
   'Phase Error' calculations, these terms will be zero in the Clock 
   Uncertainty calculation.  Please make appropriate modification to 
   SYSTEM_JITTER to account for the unsupported Discrete Jitter and Phase 
   Error.



Data Sheet report:
-----------------
All values displayed in nanoseconds (ns)

Pad to Pad
---------------+---------------+---------+
Source Pad     |Destination Pad|  Delay  |
---------------+---------------+---------+
inA<0>         |ans<0>         |    9.339|
inA<0>         |ans<1>         |   10.148|
inA<0>         |ans<2>         |    9.498|
inA<0>         |ans<3>         |    9.835|
inA<0>         |ans<4>         |    9.608|
inA<1>         |ans<1>         |    9.793|
inA<1>         |ans<2>         |    9.587|
inA<1>         |ans<3>         |    9.924|
inA<1>         |ans<4>         |    9.697|
inA<2>         |ans<2>         |    8.896|
inA<2>         |ans<3>         |    9.853|
inA<2>         |ans<4>         |    9.851|
inA<3>         |ans<3>         |    9.507|
inA<3>         |ans<4>         |    9.949|
inA<4>         |ans<4>         |    8.861|
inB<0>         |ans<0>         |    8.834|
inB<0>         |ans<1>         |    9.643|
inB<0>         |ans<2>         |    8.993|
inB<0>         |ans<3>         |    9.330|
inB<0>         |ans<4>         |    9.103|
inB<1>         |ans<1>         |    9.160|
inB<1>         |ans<2>         |    8.954|
inB<1>         |ans<3>         |    9.291|
inB<1>         |ans<4>         |    9.064|
inB<2>         |ans<2>         |    8.239|
inB<2>         |ans<3>         |    9.196|
inB<2>         |ans<4>         |    9.194|
inB<3>         |ans<3>         |    8.625|
inB<3>         |ans<4>         |    9.067|
inB<4>         |ans<4>         |    8.585|
---------------+---------------+---------+


Analysis completed Tue Aug 23 00:14:23 2022 
--------------------------------------------------------------------------------

Trace Settings:
-------------------------
Trace Settings 

Peak Memory Usage: 4471 MB



